// Jest Snapshot v1, https://goo.gl/fbAQLP

exports[`button component renders button with text prop 1`] = `
<button
  class="sc-bgqQcB bLXcPD"
>
  <i
    data-testid="icon"
  >
    <svg
      aria-hidden="true"
      class="svg-inline--fa fa-chevron-up "
      data-icon="chevron-up"
      data-prefix="fas"
      focusable="false"
      role="img"
      viewBox="0 0 512 512"
      xmlns="http://www.w3.org/2000/svg"
    >
      <path
        d="M233.4 105.4c12.5-12.5 32.8-12.5 45.3 0l192 192c12.5 12.5 12.5 32.8 0 45.3s-32.8 12.5-45.3 0L256 173.3 86.6 342.6c-12.5 12.5-32.8 12.5-45.3 0s-12.5-32.8 0-45.3l192-192z"
        fill="currentColor"
      />
    </svg>
  </i>
  back
</button>
`;
